Archive member included because of file (symbol)

d:/embedded systems avr tools/imt_sdk_win_64/winavr/bin/../lib/gcc/avr/4.3.3/avr5\libgcc.a(_mulsi3.o)
                              ./COTS/HAL/LCD/LCD_PRG.o (__mulsi3)
d:/embedded systems avr tools/imt_sdk_win_64/winavr/bin/../lib/gcc/avr/4.3.3/avr5\libgcc.a(_udivmodqi4.o)
                              ./COTS/APP/main.o (__udivmodqi4)
d:/embedded systems avr tools/imt_sdk_win_64/winavr/bin/../lib/gcc/avr/4.3.3/avr5\libgcc.a(_udivmodhi4.o)
                              ./COTS/APP/main.o (__udivmodhi4)
d:/embedded systems avr tools/imt_sdk_win_64/winavr/bin/../lib/gcc/avr/4.3.3/avr5\libgcc.a(_divmodsi4.o)
                              ./COTS/HAL/LCD/LCD_PRG.o (__divmodsi4)
d:/embedded systems avr tools/imt_sdk_win_64/winavr/bin/../lib/gcc/avr/4.3.3/avr5\libgcc.a(_exit.o)
                              d:/embedded systems avr tools/imt_sdk_win_64/winavr/bin/../lib/gcc/avr/4.3.3/../../../../avr/lib/avr5/crtm32.o (exit)
d:/embedded systems avr tools/imt_sdk_win_64/winavr/bin/../lib/gcc/avr/4.3.3/avr5\libgcc.a(_copy_data.o)
                              ./COTS/APP/main.o (__do_copy_data)
d:/embedded systems avr tools/imt_sdk_win_64/winavr/bin/../lib/gcc/avr/4.3.3/avr5\libgcc.a(_clear_bss.o)
                              ./COTS/MCAL/TIMER0/TIMER0_Program.o (__do_clear_bss)
d:/embedded systems avr tools/imt_sdk_win_64/winavr/bin/../lib/gcc/avr/4.3.3/avr5\libgcc.a(_fixunssfsi.o)
                              ./COTS/HAL/LCD/LCD_PRG.o (__fixunssfsi)
d:/embedded systems avr tools/imt_sdk_win_64/winavr/bin/../lib/gcc/avr/4.3.3/avr5\libgcc.a(_addsub_sf.o)
                              d:/embedded systems avr tools/imt_sdk_win_64/winavr/bin/../lib/gcc/avr/4.3.3/avr5\libgcc.a(_fixunssfsi.o) (__subsf3)
d:/embedded systems avr tools/imt_sdk_win_64/winavr/bin/../lib/gcc/avr/4.3.3/avr5\libgcc.a(_mul_sf.o)
                              ./COTS/HAL/LCD/LCD_PRG.o (__mulsf3)
d:/embedded systems avr tools/imt_sdk_win_64/winavr/bin/../lib/gcc/avr/4.3.3/avr5\libgcc.a(_gt_sf.o)
                              ./COTS/HAL/LCD/LCD_PRG.o (__gtsf2)
d:/embedded systems avr tools/imt_sdk_win_64/winavr/bin/../lib/gcc/avr/4.3.3/avr5\libgcc.a(_ge_sf.o)
                              d:/embedded systems avr tools/imt_sdk_win_64/winavr/bin/../lib/gcc/avr/4.3.3/avr5\libgcc.a(_fixunssfsi.o) (__gesf2)
d:/embedded systems avr tools/imt_sdk_win_64/winavr/bin/../lib/gcc/avr/4.3.3/avr5\libgcc.a(_lt_sf.o)
                              ./COTS/HAL/LCD/LCD_PRG.o (__ltsf2)
d:/embedded systems avr tools/imt_sdk_win_64/winavr/bin/../lib/gcc/avr/4.3.3/avr5\libgcc.a(_sf_to_si.o)
                              d:/embedded systems avr tools/imt_sdk_win_64/winavr/bin/../lib/gcc/avr/4.3.3/avr5\libgcc.a(_fixunssfsi.o) (__fixsfsi)
d:/embedded systems avr tools/imt_sdk_win_64/winavr/bin/../lib/gcc/avr/4.3.3/avr5\libgcc.a(_thenan_sf.o)
                              d:/embedded systems avr tools/imt_sdk_win_64/winavr/bin/../lib/gcc/avr/4.3.3/avr5\libgcc.a(_addsub_sf.o) (__thenan_sf)
d:/embedded systems avr tools/imt_sdk_win_64/winavr/bin/../lib/gcc/avr/4.3.3/avr5\libgcc.a(_udivmodsi4.o)
                              d:/embedded systems avr tools/imt_sdk_win_64/winavr/bin/../lib/gcc/avr/4.3.3/avr5\libgcc.a(_divmodsi4.o) (__udivmodsi4)
d:/embedded systems avr tools/imt_sdk_win_64/winavr/bin/../lib/gcc/avr/4.3.3/avr5\libgcc.a(_prologue.o)
                              d:/embedded systems avr tools/imt_sdk_win_64/winavr/bin/../lib/gcc/avr/4.3.3/avr5\libgcc.a(_addsub_sf.o) (__prologue_saves__)
d:/embedded systems avr tools/imt_sdk_win_64/winavr/bin/../lib/gcc/avr/4.3.3/avr5\libgcc.a(_epilogue.o)
                              d:/embedded systems avr tools/imt_sdk_win_64/winavr/bin/../lib/gcc/avr/4.3.3/avr5\libgcc.a(_addsub_sf.o) (__epilogue_restores__)
d:/embedded systems avr tools/imt_sdk_win_64/winavr/bin/../lib/gcc/avr/4.3.3/avr5\libgcc.a(_pack_sf.o)
                              d:/embedded systems avr tools/imt_sdk_win_64/winavr/bin/../lib/gcc/avr/4.3.3/avr5\libgcc.a(_addsub_sf.o) (__pack_f)
d:/embedded systems avr tools/imt_sdk_win_64/winavr/bin/../lib/gcc/avr/4.3.3/avr5\libgcc.a(_unpack_sf.o)
                              d:/embedded systems avr tools/imt_sdk_win_64/winavr/bin/../lib/gcc/avr/4.3.3/avr5\libgcc.a(_addsub_sf.o) (__unpack_f)
d:/embedded systems avr tools/imt_sdk_win_64/winavr/bin/../lib/gcc/avr/4.3.3/avr5\libgcc.a(_fpcmp_parts_sf.o)
                              d:/embedded systems avr tools/imt_sdk_win_64/winavr/bin/../lib/gcc/avr/4.3.3/avr5\libgcc.a(_gt_sf.o) (__fpcmp_parts_f)

Memory Configuration

Name             Origin             Length             Attributes
text             0x00000000         0x00020000         xr
data             0x00800060         0x0000ffa0         rw !x
eeprom           0x00810000         0x00010000         rw !x
fuse             0x00820000         0x00000400         rw !x
lock             0x00830000         0x00000400         rw !x
signature        0x00840000         0x00000400         rw !x
*default*        0x00000000         0xffffffff

Linker script and memory map

LOAD d:/embedded systems avr tools/imt_sdk_win_64/winavr/bin/../lib/gcc/avr/4.3.3/../../../../avr/lib/avr5/crtm32.o
LOAD ./COTS/MCAL/timer/timer.o
LOAD ./COTS/MCAL/WDT/WDT_Program.o
LOAD ./COTS/MCAL/USART/USART_Program.o
LOAD ./COTS/MCAL/TWI/TWI_PRG.o
LOAD ./COTS/MCAL/TIMER1/TIMER1_Program.o
LOAD ./COTS/MCAL/TIMER0/TIMER0_Program.o
LOAD ./COTS/MCAL/SPI/SPI_Program.o
LOAD ./COTS/MCAL/ICU/ICU_Program.o
LOAD ./COTS/MCAL/GIE/GIE_Program.o
LOAD ./COTS/MCAL/EXTI/EXTI_Program.o
LOAD ./COTS/MCAL/DIO/DIO_PRG.o
LOAD ./COTS/MCAL/ADC/ADC_Program.o
LOAD ./COTS/HAL/LCD/LCD_PRG.o
LOAD ./COTS/HAL/KPD/KPD_PRG.o
LOAD ./COTS/HAL/AT24C08/AT24C08_PRG.o
LOAD ./COTS/APP/main.o
LOAD d:/embedded systems avr tools/imt_sdk_win_64/winavr/bin/../lib/gcc/avr/4.3.3/avr5\libgcc.a
LOAD d:/embedded systems avr tools/imt_sdk_win_64/winavr/bin/../lib/gcc/avr/4.3.3/../../../../avr/lib/avr5\libc.a
LOAD d:/embedded systems avr tools/imt_sdk_win_64/winavr/bin/../lib/gcc/avr/4.3.3/avr5\libgcc.a

.hash
 *(.hash)

.dynsym
 *(.dynsym)

.dynstr
 *(.dynstr)

.gnu.version
 *(.gnu.version)

.gnu.version_d
 *(.gnu.version_d)

.gnu.version_r
 *(.gnu.version_r)

.rel.init
 *(.rel.init)

.rela.init
 *(.rela.init)

.rel.text
 *(.rel.text)
 *(.rel.text.*)
 *(.rel.gnu.linkonce.t*)

.rela.text
 *(.rela.text)
 *(.rela.text.*)
 *(.rela.gnu.linkonce.t*)

.rel.fini
 *(.rel.fini)

.rela.fini
 *(.rela.fini)

.rel.rodata
 *(.rel.rodata)
 *(.rel.rodata.*)
 *(.rel.gnu.linkonce.r*)

.rela.rodata
 *(.rela.rodata)
 *(.rela.rodata.*)
 *(.rela.gnu.linkonce.r*)

.rel.data
 *(.rel.data)
 *(.rel.data.*)
 *(.rel.gnu.linkonce.d*)

.rela.data
 *(.rela.data)
 *(.rela.data.*)
 *(.rela.gnu.linkonce.d*)

.rel.ctors
 *(.rel.ctors)

.rela.ctors
 *(.rela.ctors)

.rel.dtors
 *(.rel.dtors)

.rela.dtors
 *(.rela.dtors)

.rel.got
 *(.rel.got)

.rela.got
 *(.rela.got)

.rel.bss
 *(.rel.bss)

.rela.bss
 *(.rela.bss)

.rel.plt
 *(.rel.plt)

.rela.plt
 *(.rela.plt)

.text           0x00000000     0x6522
 *(.vectors)
 .vectors       0x00000000       0x54 d:/embedded systems avr tools/imt_sdk_win_64/winavr/bin/../lib/gcc/avr/4.3.3/../../../../avr/lib/avr5/crtm32.o
                0x00000000                __vectors
                0x00000000                __vector_default
 *(.vectors)
 *(.progmem.gcc*)
 *(.progmem*)
                0x00000054                . = ALIGN (0x2)
                0x00000054                __trampolines_start = .
 *(.trampolines)
 .trampolines   0x00000054        0x0 linker stubs
 *(.trampolines*)
                0x00000054                __trampolines_end = .
 *(.jumptables)
 *(.jumptables*)
 *(.lowtext)
 *(.lowtext*)
                0x00000054                __ctors_start = .
 *(.ctors)
                0x00000054                __ctors_end = .
                0x00000054                __dtors_start = .
 *(.dtors)
                0x00000054                __dtors_end = .
 SORT(*)(.ctors)
 SORT(*)(.dtors)
 *(.init0)
 .init0         0x00000054        0x0 d:/embedded systems avr tools/imt_sdk_win_64/winavr/bin/../lib/gcc/avr/4.3.3/../../../../avr/lib/avr5/crtm32.o
                0x00000054                __init
 *(.init0)
 *(.init1)
 *(.init1)
 *(.init2)
 .init2         0x00000054        0xc d:/embedded systems avr tools/imt_sdk_win_64/winavr/bin/../lib/gcc/avr/4.3.3/../../../../avr/lib/avr5/crtm32.o
 *(.init2)
 *(.init3)
 *(.init3)
 *(.init4)
 .init4         0x00000060       0x16 d:/embedded systems avr tools/imt_sdk_win_64/winavr/bin/../lib/gcc/avr/4.3.3/avr5\libgcc.a(_copy_data.o)
                0x00000060                __do_copy_data
 .init4         0x00000076       0x10 d:/embedded systems avr tools/imt_sdk_win_64/winavr/bin/../lib/gcc/avr/4.3.3/avr5\libgcc.a(_clear_bss.o)
                0x00000076                __do_clear_bss
 *(.init4)
 *(.init5)
 *(.init5)
 *(.init6)
 *(.init6)
 *(.init7)
 *(.init7)
 *(.init8)
 *(.init8)
 *(.init9)
 .init9         0x00000086        0x8 d:/embedded systems avr tools/imt_sdk_win_64/winavr/bin/../lib/gcc/avr/4.3.3/../../../../avr/lib/avr5/crtm32.o
 *(.init9)
 *(.text)
 .text          0x0000008e        0x4 d:/embedded systems avr tools/imt_sdk_win_64/winavr/bin/../lib/gcc/avr/4.3.3/../../../../avr/lib/avr5/crtm32.o
                0x0000008e                __vector_12
                0x0000008e                __bad_interrupt
                0x0000008e                __vector_13
                0x0000008e                __vector_17
                0x0000008e                __vector_19
                0x0000008e                __vector_7
                0x0000008e                __vector_5
                0x0000008e                __vector_4
                0x0000008e                __vector_15
                0x0000008e                __vector_8
                0x0000008e                __vector_14
                0x0000008e                __vector_16
                0x0000008e                __vector_18
                0x0000008e                __vector_20
 .text          0x00000092        0x0 ./COTS/MCAL/timer/timer.o
 .text          0x00000092        0x0 ./COTS/MCAL/WDT/WDT_Program.o
 .text          0x00000092        0x0 ./COTS/MCAL/USART/USART_Program.o
 .text          0x00000092        0x0 ./COTS/MCAL/TWI/TWI_PRG.o
 .text          0x00000092        0x0 ./COTS/MCAL/TIMER1/TIMER1_Program.o
 .text          0x00000092        0x0 ./COTS/MCAL/TIMER0/TIMER0_Program.o
 .text          0x00000092        0x0 ./COTS/MCAL/SPI/SPI_Program.o
 .text          0x00000092        0x0 ./COTS/MCAL/ICU/ICU_Program.o
 .text          0x00000092        0x0 ./COTS/MCAL/GIE/GIE_Program.o
 .text          0x00000092        0x0 ./COTS/MCAL/EXTI/EXTI_Program.o
 .text          0x00000092        0x0 ./COTS/MCAL/DIO/DIO_PRG.o
 .text          0x00000092        0x0 ./COTS/MCAL/ADC/ADC_Program.o
 .text          0x00000092        0x0 ./COTS/HAL/LCD/LCD_PRG.o
 .text          0x00000092        0x0 ./COTS/HAL/KPD/KPD_PRG.o
 .text          0x00000092        0x0 ./COTS/HAL/AT24C08/AT24C08_PRG.o
 .text          0x00000092        0x0 ./COTS/APP/main.o
 .text          0x00000092        0x0 d:/embedded systems avr tools/imt_sdk_win_64/winavr/bin/../lib/gcc/avr/4.3.3/avr5\libgcc.a(_mulsi3.o)
 .text          0x00000092        0x0 d:/embedded systems avr tools/imt_sdk_win_64/winavr/bin/../lib/gcc/avr/4.3.3/avr5\libgcc.a(_udivmodqi4.o)
 .text          0x00000092        0x0 d:/embedded systems avr tools/imt_sdk_win_64/winavr/bin/../lib/gcc/avr/4.3.3/avr5\libgcc.a(_udivmodhi4.o)
 .text          0x00000092        0x0 d:/embedded systems avr tools/imt_sdk_win_64/winavr/bin/../lib/gcc/avr/4.3.3/avr5\libgcc.a(_divmodsi4.o)
 .text          0x00000092        0x0 d:/embedded systems avr tools/imt_sdk_win_64/winavr/bin/../lib/gcc/avr/4.3.3/avr5\libgcc.a(_exit.o)
 .text          0x00000092        0x0 d:/embedded systems avr tools/imt_sdk_win_64/winavr/bin/../lib/gcc/avr/4.3.3/avr5\libgcc.a(_copy_data.o)
 .text          0x00000092        0x0 d:/embedded systems avr tools/imt_sdk_win_64/winavr/bin/../lib/gcc/avr/4.3.3/avr5\libgcc.a(_clear_bss.o)
 .text          0x00000092       0x58 d:/embedded systems avr tools/imt_sdk_win_64/winavr/bin/../lib/gcc/avr/4.3.3/avr5\libgcc.a(_fixunssfsi.o)
                0x00000092                __fixunssfsi
 .text          0x000000ea      0x354 d:/embedded systems avr tools/imt_sdk_win_64/winavr/bin/../lib/gcc/avr/4.3.3/avr5\libgcc.a(_addsub_sf.o)
                0x00000382                __subsf3
                0x000003e4                __addsf3
 .text          0x0000043e      0x1f4 d:/embedded systems avr tools/imt_sdk_win_64/winavr/bin/../lib/gcc/avr/4.3.3/avr5\libgcc.a(_mul_sf.o)
                0x0000043e                __mulsf3
 .text          0x00000632       0x60 d:/embedded systems avr tools/imt_sdk_win_64/winavr/bin/../lib/gcc/avr/4.3.3/avr5\libgcc.a(_gt_sf.o)
                0x00000632                __gtsf2
 .text          0x00000692       0x60 d:/embedded systems avr tools/imt_sdk_win_64/winavr/bin/../lib/gcc/avr/4.3.3/avr5\libgcc.a(_ge_sf.o)
                0x00000692                __gesf2
 .text          0x000006f2       0x60 d:/embedded systems avr tools/imt_sdk_win_64/winavr/bin/../lib/gcc/avr/4.3.3/avr5\libgcc.a(_lt_sf.o)
                0x000006f2                __ltsf2
 .text          0x00000752       0xa8 d:/embedded systems avr tools/imt_sdk_win_64/winavr/bin/../lib/gcc/avr/4.3.3/avr5\libgcc.a(_sf_to_si.o)
                0x00000752                __fixsfsi
 .text          0x000007fa        0x0 d:/embedded systems avr tools/imt_sdk_win_64/winavr/bin/../lib/gcc/avr/4.3.3/avr5\libgcc.a(_thenan_sf.o)
 .text          0x000007fa        0x0 d:/embedded systems avr tools/imt_sdk_win_64/winavr/bin/../lib/gcc/avr/4.3.3/avr5\libgcc.a(_udivmodsi4.o)
 .text          0x000007fa        0x0 d:/embedded systems avr tools/imt_sdk_win_64/winavr/bin/../lib/gcc/avr/4.3.3/avr5\libgcc.a(_prologue.o)
 .text          0x000007fa        0x0 d:/embedded systems avr tools/imt_sdk_win_64/winavr/bin/../lib/gcc/avr/4.3.3/avr5\libgcc.a(_epilogue.o)
 .text          0x000007fa      0x1aa d:/embedded systems avr tools/imt_sdk_win_64/winavr/bin/../lib/gcc/avr/4.3.3/avr5\libgcc.a(_pack_sf.o)
                0x000007fa                __pack_f
 .text          0x000009a4       0xf0 d:/embedded systems avr tools/imt_sdk_win_64/winavr/bin/../lib/gcc/avr/4.3.3/avr5\libgcc.a(_unpack_sf.o)
                0x000009a4                __unpack_f
 .text          0x00000a94       0xb2 d:/embedded systems avr tools/imt_sdk_win_64/winavr/bin/../lib/gcc/avr/4.3.3/avr5\libgcc.a(_fpcmp_parts_sf.o)
                0x00000a94                __fpcmp_parts_f
                0x00000b46                . = ALIGN (0x2)
 *(.text.*)
 .text.timer2_overflow_init_interrupt
                0x00000b46       0x48 ./COTS/MCAL/timer/timer.o
                0x00000b46                timer2_overflow_init_interrupt
 .text.timer_CTC_init_interrupt
                0x00000b8e       0x50 ./COTS/MCAL/timer/timer.o
                0x00000b8e                timer_CTC_init_interrupt
 .text.timer_wave_nonPWM
                0x00000bde       0x5c ./COTS/MCAL/timer/timer.o
                0x00000bde                timer_wave_nonPWM
 .text.timer_wave_fastPWM
                0x00000c3a       0x78 ./COTS/MCAL/timer/timer.o
                0x00000c3a                timer_wave_fastPWM
 .text.timer_wave_phasecorrectPWM
                0x00000cb2       0x6a ./COTS/MCAL/timer/timer.o
                0x00000cb2                timer_wave_phasecorrectPWM
 .text.MWDT_vEnable
                0x00000d1c       0x46 ./COTS/MCAL/WDT/WDT_Program.o
                0x00000d1c                MWDT_vEnable
 .text.MWDT_vDisable
                0x00000d62       0x1c ./COTS/MCAL/WDT/WDT_Program.o
                0x00000d62                MWDT_vDisable
 .text.MUSART_vInit
                0x00000d7e       0x52 ./COTS/MCAL/USART/USART_Program.o
                0x00000d7e                MUSART_vInit
 .text.MUSART_u8ReceiveData
                0x00000dd0       0x1e ./COTS/MCAL/USART/USART_Program.o
                0x00000dd0                MUSART_u8ReceiveData
 .text.MUSART_vTransmitData
                0x00000dee       0x34 ./COTS/MCAL/USART/USART_Program.o
                0x00000dee                MUSART_vTransmitData
 .text.MTWI_vInitMaster
                0x00000e22       0x64 ./COTS/MCAL/TWI/TWI_PRG.o
                0x00000e22                MTWI_vInitMaster
 .text.MTWI_vInitSlave
                0x00000e86       0x3a ./COTS/MCAL/TWI/TWI_PRG.o
                0x00000e86                MTWI_vInitSlave
 .text.MTWI_TwiErrorSendStartCondition
                0x00000ec0       0x62 ./COTS/MCAL/TWI/TWI_PRG.o
                0x00000ec0                MTWI_TwiErrorSendStartCondition
 .text.MTWI_TwiErrorSendRepeatedStartCondition
                0x00000f22       0x62 ./COTS/MCAL/TWI/TWI_PRG.o
                0x00000f22                MTWI_TwiErrorSendRepeatedStartCondition
 .text.MTWI_TwiErrorSendSlaveAddresswithWrite
                0x00000f84       0x70 ./COTS/MCAL/TWI/TWI_PRG.o
                0x00000f84                MTWI_TwiErrorSendSlaveAddresswithWrite
 .text.MTWI_TwiErrorSendSlaveAddresswithRead
                0x00000ff4       0x70 ./COTS/MCAL/TWI/TWI_PRG.o
                0x00000ff4                MTWI_TwiErrorSendSlaveAddresswithRead
 .text.MTWI_TwiErrorMasterWriteByte
                0x00001064       0x6e ./COTS/MCAL/TWI/TWI_PRG.o
                0x00001064                MTWI_TwiErrorMasterWriteByte
 .text.MTWI_TwiErrorMasterReadByte
                0x000010d2       0x7a ./COTS/MCAL/TWI/TWI_PRG.o
                0x000010d2                MTWI_TwiErrorMasterReadByte
 .text.MTWI_vSendStopCondition
                0x0000114c       0x16 ./COTS/MCAL/TWI/TWI_PRG.o
                0x0000114c                MTWI_vSendStopCondition
 .text.MTIMER1_vInit
                0x00001162       0xb8 ./COTS/MCAL/TIMER1/TIMER1_Program.o
                0x00001162                MTIMER1_vInit
 .text.MTIMER1_vSetOCR1AValue
                0x0000121a       0x24 ./COTS/MCAL/TIMER1/TIMER1_Program.o
                0x0000121a                MTIMER1_vSetOCR1AValue
 .text.MTIMER1_vSetOCR1BValue
                0x0000123e       0x24 ./COTS/MCAL/TIMER1/TIMER1_Program.o
                0x0000123e                MTIMER1_vSetOCR1BValue
 .text.MTIMER1_vSetICR1Value
                0x00001262       0x24 ./COTS/MCAL/TIMER1/TIMER1_Program.o
                0x00001262                MTIMER1_vSetICR1Value
 .text.MTIMER0_vInit
                0x00001286       0x62 ./COTS/MCAL/TIMER0/TIMER0_Program.o
                0x00001286                MTIMER0_vInit
 .text.MTIMER0_vSetCallBackOv
                0x000012e8       0x24 ./COTS/MCAL/TIMER0/TIMER0_Program.o
                0x000012e8                MTIMER0_vSetCallBackOv
 .text.MTIMER0_vSetCallBackCTC
                0x0000130c       0x24 ./COTS/MCAL/TIMER0/TIMER0_Program.o
                0x0000130c                MTIMER0_vSetCallBackCTC
 .text.MTIMER0_vSetPreloadValue
                0x00001330       0x1c ./COTS/MCAL/TIMER0/TIMER0_Program.o
                0x00001330                MTIMER0_vSetPreloadValue
 .text.MTIMER0_vSetOCR0
                0x0000134c       0x1c ./COTS/MCAL/TIMER0/TIMER0_Program.o
                0x0000134c                MTIMER0_vSetOCR0
 .text.__vector_11
                0x00001368       0x66 ./COTS/MCAL/TIMER0/TIMER0_Program.o
                0x00001368                __vector_11
 .text.__vector_10
                0x000013ce       0x66 ./COTS/MCAL/TIMER0/TIMER0_Program.o
                0x000013ce                __vector_10
 .text.MSPI_vMasterInit
                0x00001434       0x16 ./COTS/MCAL/SPI/SPI_Program.o
                0x00001434                MSPI_vMasterInit
 .text.MSPI_vMasterTransmit
                0x0000144a       0x26 ./COTS/MCAL/SPI/SPI_Program.o
                0x0000144a                MSPI_vMasterTransmit
 .text.MSPI_vSlaveInit
                0x00001470       0x16 ./COTS/MCAL/SPI/SPI_Program.o
                0x00001470                MSPI_vSlaveInit
 .text.MSPI_u8SlaveReceive
                0x00001486       0x1e ./COTS/MCAL/SPI/SPI_Program.o
                0x00001486                MSPI_u8SlaveReceive
 .text.MICU_vInit
                0x000014a4       0x9a ./COTS/MCAL/ICU/ICU_Program.o
                0x000014a4                MICU_vInit
 .text.__vector_9
                0x0000153e       0x56 ./COTS/MCAL/ICU/ICU_Program.o
                0x0000153e                __vector_9
 .text.MICU_vSelectEdge
                0x00001594       0x54 ./COTS/MCAL/ICU/ICU_Program.o
                0x00001594                MICU_vSelectEdge
 .text.__vector_6
                0x000015e8      0x1f2 ./COTS/MCAL/ICU/ICU_Program.o
                0x000015e8                __vector_6
 .text.MICU_u32GetTimeOn
                0x000017da       0x22 ./COTS/MCAL/ICU/ICU_Program.o
                0x000017da                MICU_u32GetTimeOn
 .text.MICU_u32GetTimeTotal
                0x000017fc       0x22 ./COTS/MCAL/ICU/ICU_Program.o
                0x000017fc                MICU_u32GetTimeTotal
 .text.MGIE_vEnableInterrupts
                0x0000181e       0x1c ./COTS/MCAL/GIE/GIE_Program.o
                0x0000181e                MGIE_vEnableInterrupts
 .text.MGIE_vDisableInterrupts
                0x0000183a       0x1c ./COTS/MCAL/GIE/GIE_Program.o
                0x0000183a                MGIE_vDisableInterrupts
 .text.MEXTI_vInit
                0x00001856       0x7e ./COTS/MCAL/EXTI/EXTI_Program.o
                0x00001856                MEXTI_vInit
 .text.MEXTI_vSetCallBack
                0x000018d4       0x58 ./COTS/MCAL/EXTI/EXTI_Program.o
                0x000018d4                MEXTI_vSetCallBack
 .text.__vector_1
                0x0000192c       0x66 ./COTS/MCAL/EXTI/EXTI_Program.o
                0x0000192c                __vector_1
 .text.__vector_2
                0x00001992       0x66 ./COTS/MCAL/EXTI/EXTI_Program.o
                0x00001992                __vector_2
 .text.__vector_3
                0x000019f8       0x66 ./COTS/MCAL/EXTI/EXTI_Program.o
                0x000019f8                __vector_3
 .text.MDIO_vSetPinDirection
                0x00001a5e      0x200 ./COTS/MCAL/DIO/DIO_PRG.o
                0x00001a5e                MDIO_vSetPinDirection
 .text.MDIO_vSetPortDirection
                0x00001c5e       0x82 ./COTS/MCAL/DIO/DIO_PRG.o
                0x00001c5e                MDIO_vSetPortDirection
 .text.MDIO_vSetPinValue
                0x00001ce0      0x200 ./COTS/MCAL/DIO/DIO_PRG.o
                0x00001ce0                MDIO_vSetPinValue
 .text.MDIO_vSetPortValue
                0x00001ee0       0x82 ./COTS/MCAL/DIO/DIO_PRG.o
                0x00001ee0                MDIO_vSetPortValue
 .text.MDIO_vTogglePinValue
                0x00001f62       0xfa ./COTS/MCAL/DIO/DIO_PRG.o
                0x00001f62                MDIO_vTogglePinValue
 .text.MDIO_U8GetPinValue
                0x0000205c       0xf6 ./COTS/MCAL/DIO/DIO_PRG.o
                0x0000205c                MDIO_U8GetPinValue
 .text.MADC_vInit
                0x00002152       0x70 ./COTS/MCAL/ADC/ADC_Program.o
                0x00002152                MADC_vInit
 .text.MADC_u8GetDigitalValue
                0x000021c2       0x80 ./COTS/MCAL/ADC/ADC_Program.o
                0x000021c2                MADC_u8GetDigitalValue
 .text.HLCD_vInit
                0x00002242      0x50a ./COTS/HAL/LCD/LCD_PRG.o
                0x00002242                HLCD_vInit
 .text.HLCD_vSendCommand
                0x0000274c      0x220 ./COTS/HAL/LCD/LCD_PRG.o
                0x0000274c                HLCD_vSendCommand
 .text.HLCD_vSendData
                0x0000296c      0x220 ./COTS/HAL/LCD/LCD_PRG.o
                0x0000296c                HLCD_vSendData
 .text.HLCD_vSendString
                0x00002b8c       0x38 ./COTS/HAL/LCD/LCD_PRG.o
                0x00002b8c                HLCD_vSendString
 .text.HLCD_vMoveTo
                0x00002bc4       0x4e ./COTS/HAL/LCD/LCD_PRG.o
                0x00002bc4                HLCD_vMoveTo
 .text.HLCD_vDisplayClear
                0x00002c12       0x14 ./COTS/HAL/LCD/LCD_PRG.o
                0x00002c12                HLCD_vDisplayClear
 .text.HLCD_s32ReverseNumber
                0x00002c26       0xda ./COTS/HAL/LCD/LCD_PRG.o
 .text.HLCD_vSendNumber
                0x00002d00       0xec ./COTS/HAL/LCD/LCD_PRG.o
                0x00002d00                HLCD_vSendNumber
 .text.HKPD_vInit
                0x00002dec       0x1e ./COTS/HAL/KPD/KPD_PRG.o
                0x00002dec                HKPD_vInit
 .text.HKPD_U8GetPressedKey
                0x00002e0a      0x188 ./COTS/HAL/KPD/KPD_PRG.o
                0x00002e0a                HKPD_U8GetPressedKey
 .text.HAT24C08_vSendData
                0x00002f92       0x46 ./COTS/HAL/AT24C08/AT24C08_PRG.o
                0x00002f92                HAT24C08_vSendData
 .text.HAT24C08_vReadData
                0x00002fd8       0x52 ./COTS/HAL/AT24C08/AT24C08_PRG.o
                0x00002fd8                HAT24C08_vReadData
 .text.combine  0x0000302a       0xb0 ./COTS/APP/main.o
                0x0000302a                combine
 .text.Clock_Count
                0x000030da       0x48 ./COTS/APP/main.o
                0x000030da                Clock_Count
 .text.main     0x00003122     0x3296 ./COTS/APP/main.o
                0x00003122                main
 .text.libgcc   0x000063b8       0x3e d:/embedded systems avr tools/imt_sdk_win_64/winavr/bin/../lib/gcc/avr/4.3.3/avr5\libgcc.a(_mulsi3.o)
                0x000063b8                __mulsi3
 .text.libgcc   0x000063f6       0x18 d:/embedded systems avr tools/imt_sdk_win_64/winavr/bin/../lib/gcc/avr/4.3.3/avr5\libgcc.a(_udivmodqi4.o)
                0x000063f6                __udivmodqi4
 .text.libgcc   0x0000640e       0x28 d:/embedded systems avr tools/imt_sdk_win_64/winavr/bin/../lib/gcc/avr/4.3.3/avr5\libgcc.a(_udivmodhi4.o)
                0x0000640e                __udivmodhi4
 .text.libgcc   0x00006436       0x36 d:/embedded systems avr tools/imt_sdk_win_64/winavr/bin/../lib/gcc/avr/4.3.3/avr5\libgcc.a(_divmodsi4.o)
                0x00006436                __divmodsi4
 .text.libgcc   0x0000646c        0x0 d:/embedded systems avr tools/imt_sdk_win_64/winavr/bin/../lib/gcc/avr/4.3.3/avr5\libgcc.a(_exit.o)
 .text.libgcc   0x0000646c        0x0 d:/embedded systems avr tools/imt_sdk_win_64/winavr/bin/../lib/gcc/avr/4.3.3/avr5\libgcc.a(_copy_data.o)
 .text.libgcc   0x0000646c        0x0 d:/embedded systems avr tools/imt_sdk_win_64/winavr/bin/../lib/gcc/avr/4.3.3/avr5\libgcc.a(_clear_bss.o)
 .text.libgcc   0x0000646c       0x44 d:/embedded systems avr tools/imt_sdk_win_64/winavr/bin/../lib/gcc/avr/4.3.3/avr5\libgcc.a(_udivmodsi4.o)
                0x0000646c                __udivmodsi4
 .text.libgcc   0x000064b0       0x38 d:/embedded systems avr tools/imt_sdk_win_64/winavr/bin/../lib/gcc/avr/4.3.3/avr5\libgcc.a(_prologue.o)
                0x000064b0                __prologue_saves__
 .text.libgcc   0x000064e8       0x36 d:/embedded systems avr tools/imt_sdk_win_64/winavr/bin/../lib/gcc/avr/4.3.3/avr5\libgcc.a(_epilogue.o)
                0x000064e8                __epilogue_restores__
                0x0000651e                . = ALIGN (0x2)
 *(.fini9)
 .fini9         0x0000651e        0x0 d:/embedded systems avr tools/imt_sdk_win_64/winavr/bin/../lib/gcc/avr/4.3.3/avr5\libgcc.a(_exit.o)
                0x0000651e                exit
                0x0000651e                _exit
 *(.fini9)
 *(.fini8)
 *(.fini8)
 *(.fini7)
 *(.fini7)
 *(.fini6)
 *(.fini6)
 *(.fini5)
 *(.fini5)
 *(.fini4)
 *(.fini4)
 *(.fini3)
 *(.fini3)
 *(.fini2)
 *(.fini2)
 *(.fini1)
 *(.fini1)
 *(.fini0)
 .fini0         0x0000651e        0x4 d:/embedded systems avr tools/imt_sdk_win_64/winavr/bin/../lib/gcc/avr/4.3.3/avr5\libgcc.a(_exit.o)
 *(.fini0)
                0x00006522                _etext = .

.data           0x00800060       0x6e load address 0x00006522
                0x00800060                PROVIDE (__data_start, .)
 *(.data)
 .data          0x00800060        0x0 d:/embedded systems avr tools/imt_sdk_win_64/winavr/bin/../lib/gcc/avr/4.3.3/../../../../avr/lib/avr5/crtm32.o
 .data          0x00800060        0x0 ./COTS/MCAL/timer/timer.o
 .data          0x00800060        0x0 ./COTS/MCAL/WDT/WDT_Program.o
 .data          0x00800060        0x0 ./COTS/MCAL/USART/USART_Program.o
 .data          0x00800060        0x0 ./COTS/MCAL/TWI/TWI_PRG.o
 .data          0x00800060        0x0 ./COTS/MCAL/TIMER1/TIMER1_Program.o
 .data          0x00800060        0x0 ./COTS/MCAL/TIMER0/TIMER0_Program.o
 .data          0x00800060        0x0 ./COTS/MCAL/SPI/SPI_Program.o
 .data          0x00800060        0x0 ./COTS/MCAL/ICU/ICU_Program.o
 .data          0x00800060        0x0 ./COTS/MCAL/GIE/GIE_Program.o
 .data          0x00800060        0x0 ./COTS/MCAL/EXTI/EXTI_Program.o
 .data          0x00800060        0x0 ./COTS/MCAL/DIO/DIO_PRG.o
 .data          0x00800060        0x0 ./COTS/MCAL/ADC/ADC_Program.o
 .data          0x00800060        0x0 ./COTS/HAL/LCD/LCD_PRG.o
 .data          0x00800060        0x0 ./COTS/HAL/KPD/KPD_PRG.o
 .data          0x00800060        0x0 ./COTS/HAL/AT24C08/AT24C08_PRG.o
 .data          0x00800060       0x5a ./COTS/APP/main.o
 .data          0x008000ba        0x0 d:/embedded systems avr tools/imt_sdk_win_64/winavr/bin/../lib/gcc/avr/4.3.3/avr5\libgcc.a(_mulsi3.o)
 .data          0x008000ba        0x0 d:/embedded systems avr tools/imt_sdk_win_64/winavr/bin/../lib/gcc/avr/4.3.3/avr5\libgcc.a(_udivmodqi4.o)
 .data          0x008000ba        0x0 d:/embedded systems avr tools/imt_sdk_win_64/winavr/bin/../lib/gcc/avr/4.3.3/avr5\libgcc.a(_udivmodhi4.o)
 .data          0x008000ba        0x0 d:/embedded systems avr tools/imt_sdk_win_64/winavr/bin/../lib/gcc/avr/4.3.3/avr5\libgcc.a(_divmodsi4.o)
 .data          0x008000ba        0x0 d:/embedded systems avr tools/imt_sdk_win_64/winavr/bin/../lib/gcc/avr/4.3.3/avr5\libgcc.a(_exit.o)
 .data          0x008000ba        0x0 d:/embedded systems avr tools/imt_sdk_win_64/winavr/bin/../lib/gcc/avr/4.3.3/avr5\libgcc.a(_copy_data.o)
 .data          0x008000ba        0x0 d:/embedded systems avr tools/imt_sdk_win_64/winavr/bin/../lib/gcc/avr/4.3.3/avr5\libgcc.a(_clear_bss.o)
 .data          0x008000ba        0x0 d:/embedded systems avr tools/imt_sdk_win_64/winavr/bin/../lib/gcc/avr/4.3.3/avr5\libgcc.a(_fixunssfsi.o)
 .data          0x008000ba        0x0 d:/embedded systems avr tools/imt_sdk_win_64/winavr/bin/../lib/gcc/avr/4.3.3/avr5\libgcc.a(_addsub_sf.o)
 .data          0x008000ba        0x0 d:/embedded systems avr tools/imt_sdk_win_64/winavr/bin/../lib/gcc/avr/4.3.3/avr5\libgcc.a(_mul_sf.o)
 .data          0x008000ba        0x0 d:/embedded systems avr tools/imt_sdk_win_64/winavr/bin/../lib/gcc/avr/4.3.3/avr5\libgcc.a(_gt_sf.o)
 .data          0x008000ba        0x0 d:/embedded systems avr tools/imt_sdk_win_64/winavr/bin/../lib/gcc/avr/4.3.3/avr5\libgcc.a(_ge_sf.o)
 .data          0x008000ba        0x0 d:/embedded systems avr tools/imt_sdk_win_64/winavr/bin/../lib/gcc/avr/4.3.3/avr5\libgcc.a(_lt_sf.o)
 .data          0x008000ba        0x0 d:/embedded systems avr tools/imt_sdk_win_64/winavr/bin/../lib/gcc/avr/4.3.3/avr5\libgcc.a(_sf_to_si.o)
 .data          0x008000ba        0x8 d:/embedded systems avr tools/imt_sdk_win_64/winavr/bin/../lib/gcc/avr/4.3.3/avr5\libgcc.a(_thenan_sf.o)
                0x008000ba                __thenan_sf
 .data          0x008000c2        0x0 d:/embedded systems avr tools/imt_sdk_win_64/winavr/bin/../lib/gcc/avr/4.3.3/avr5\libgcc.a(_udivmodsi4.o)
 .data          0x008000c2        0x0 d:/embedded systems avr tools/imt_sdk_win_64/winavr/bin/../lib/gcc/avr/4.3.3/avr5\libgcc.a(_prologue.o)
 .data          0x008000c2        0x0 d:/embedded systems avr tools/imt_sdk_win_64/winavr/bin/../lib/gcc/avr/4.3.3/avr5\libgcc.a(_epilogue.o)
 .data          0x008000c2        0x0 d:/embedded systems avr tools/imt_sdk_win_64/winavr/bin/../lib/gcc/avr/4.3.3/avr5\libgcc.a(_pack_sf.o)
 .data          0x008000c2        0x0 d:/embedded systems avr tools/imt_sdk_win_64/winavr/bin/../lib/gcc/avr/4.3.3/avr5\libgcc.a(_unpack_sf.o)
 .data          0x008000c2        0x0 d:/embedded systems avr tools/imt_sdk_win_64/winavr/bin/../lib/gcc/avr/4.3.3/avr5\libgcc.a(_fpcmp_parts_sf.o)
 *(.data*)
 .data.A_hours_counter
                0x008000c2        0x1 ./COTS/APP/main.o
                0x008000c2                A_hours_counter
 .data.A_minutes_counter
                0x008000c3        0x1 ./COTS/APP/main.o
                0x008000c3                A_minutes_counter
 *(.rodata)
 *(.rodata*)
 .rodata.C.5.1396
                0x008000c4        0xa ./COTS/APP/main.o
 *(.gnu.linkonce.d*)
                0x008000ce                . = ALIGN (0x2)
                0x008000ce                _edata = .
                0x008000ce                PROVIDE (__data_end, .)

.bss            0x008000ce       0x29
                0x008000ce                PROVIDE (__bss_start, .)
 *(.bss)
 .bss           0x008000ce        0x0 d:/embedded systems avr tools/imt_sdk_win_64/winavr/bin/../lib/gcc/avr/4.3.3/../../../../avr/lib/avr5/crtm32.o
 .bss           0x008000ce        0x0 ./COTS/MCAL/timer/timer.o
 .bss           0x008000ce        0x0 ./COTS/MCAL/WDT/WDT_Program.o
 .bss           0x008000ce        0x0 ./COTS/MCAL/USART/USART_Program.o
 .bss           0x008000ce        0x0 ./COTS/MCAL/TWI/TWI_PRG.o
 .bss           0x008000ce        0x0 ./COTS/MCAL/TIMER1/TIMER1_Program.o
 .bss           0x008000ce        0x0 ./COTS/MCAL/TIMER0/TIMER0_Program.o
 .bss           0x008000ce        0x0 ./COTS/MCAL/SPI/SPI_Program.o
 .bss           0x008000ce        0x0 ./COTS/MCAL/ICU/ICU_Program.o
 .bss           0x008000ce        0x0 ./COTS/MCAL/GIE/GIE_Program.o
 .bss           0x008000ce        0x0 ./COTS/MCAL/EXTI/EXTI_Program.o
 .bss           0x008000ce        0x0 ./COTS/MCAL/DIO/DIO_PRG.o
 .bss           0x008000ce        0x0 ./COTS/MCAL/ADC/ADC_Program.o
 .bss           0x008000ce        0x0 ./COTS/HAL/LCD/LCD_PRG.o
 .bss           0x008000ce        0x0 ./COTS/HAL/KPD/KPD_PRG.o
 .bss           0x008000ce        0x0 ./COTS/HAL/AT24C08/AT24C08_PRG.o
 .bss           0x008000ce        0x0 ./COTS/APP/main.o
 .bss           0x008000ce        0x0 d:/embedded systems avr tools/imt_sdk_win_64/winavr/bin/../lib/gcc/avr/4.3.3/avr5\libgcc.a(_mulsi3.o)
 .bss           0x008000ce        0x0 d:/embedded systems avr tools/imt_sdk_win_64/winavr/bin/../lib/gcc/avr/4.3.3/avr5\libgcc.a(_udivmodqi4.o)
 .bss           0x008000ce        0x0 d:/embedded systems avr tools/imt_sdk_win_64/winavr/bin/../lib/gcc/avr/4.3.3/avr5\libgcc.a(_udivmodhi4.o)
 .bss           0x008000ce        0x0 d:/embedded systems avr tools/imt_sdk_win_64/winavr/bin/../lib/gcc/avr/4.3.3/avr5\libgcc.a(_divmodsi4.o)
 .bss           0x008000ce        0x0 d:/embedded systems avr tools/imt_sdk_win_64/winavr/bin/../lib/gcc/avr/4.3.3/avr5\libgcc.a(_exit.o)
 .bss           0x008000ce        0x0 d:/embedded systems avr tools/imt_sdk_win_64/winavr/bin/../lib/gcc/avr/4.3.3/avr5\libgcc.a(_copy_data.o)
 .bss           0x008000ce        0x0 d:/embedded systems avr tools/imt_sdk_win_64/winavr/bin/../lib/gcc/avr/4.3.3/avr5\libgcc.a(_clear_bss.o)
 .bss           0x008000ce        0x0 d:/embedded systems avr tools/imt_sdk_win_64/winavr/bin/../lib/gcc/avr/4.3.3/avr5\libgcc.a(_fixunssfsi.o)
 .bss           0x008000ce        0x0 d:/embedded systems avr tools/imt_sdk_win_64/winavr/bin/../lib/gcc/avr/4.3.3/avr5\libgcc.a(_addsub_sf.o)
 .bss           0x008000ce        0x0 d:/embedded systems avr tools/imt_sdk_win_64/winavr/bin/../lib/gcc/avr/4.3.3/avr5\libgcc.a(_mul_sf.o)
 .bss           0x008000ce        0x0 d:/embedded systems avr tools/imt_sdk_win_64/winavr/bin/../lib/gcc/avr/4.3.3/avr5\libgcc.a(_gt_sf.o)
 .bss           0x008000ce        0x0 d:/embedded systems avr tools/imt_sdk_win_64/winavr/bin/../lib/gcc/avr/4.3.3/avr5\libgcc.a(_ge_sf.o)
 .bss           0x008000ce        0x0 d:/embedded systems avr tools/imt_sdk_win_64/winavr/bin/../lib/gcc/avr/4.3.3/avr5\libgcc.a(_lt_sf.o)
 .bss           0x008000ce        0x0 d:/embedded systems avr tools/imt_sdk_win_64/winavr/bin/../lib/gcc/avr/4.3.3/avr5\libgcc.a(_sf_to_si.o)
 .bss           0x008000ce        0x0 d:/embedded systems avr tools/imt_sdk_win_64/winavr/bin/../lib/gcc/avr/4.3.3/avr5\libgcc.a(_thenan_sf.o)
 .bss           0x008000ce        0x0 d:/embedded systems avr tools/imt_sdk_win_64/winavr/bin/../lib/gcc/avr/4.3.3/avr5\libgcc.a(_udivmodsi4.o)
 .bss           0x008000ce        0x0 d:/embedded systems avr tools/imt_sdk_win_64/winavr/bin/../lib/gcc/avr/4.3.3/avr5\libgcc.a(_prologue.o)
 .bss           0x008000ce        0x0 d:/embedded systems avr tools/imt_sdk_win_64/winavr/bin/../lib/gcc/avr/4.3.3/avr5\libgcc.a(_epilogue.o)
 .bss           0x008000ce        0x0 d:/embedded systems avr tools/imt_sdk_win_64/winavr/bin/../lib/gcc/avr/4.3.3/avr5\libgcc.a(_pack_sf.o)
 .bss           0x008000ce        0x0 d:/embedded systems avr tools/imt_sdk_win_64/winavr/bin/../lib/gcc/avr/4.3.3/avr5\libgcc.a(_unpack_sf.o)
 .bss           0x008000ce        0x0 d:/embedded systems avr tools/imt_sdk_win_64/winavr/bin/../lib/gcc/avr/4.3.3/avr5\libgcc.a(_fpcmp_parts_sf.o)
 *(.bss*)
 .bss.TIMER0_OV
                0x008000ce        0x2 ./COTS/MCAL/TIMER0/TIMER0_Program.o
                0x008000ce                TIMER0_OV
 .bss.TIMER0_CTC
                0x008000d0        0x2 ./COTS/MCAL/TIMER0/TIMER0_Program.o
                0x008000d0                TIMER0_CTC
 .bss.global_u32TOn
                0x008000d2        0x4 ./COTS/MCAL/ICU/ICU_Program.o
 .bss.global_u32Ttotal
                0x008000d6        0x4 ./COTS/MCAL/ICU/ICU_Program.o
 .bss.global_u32TOvCnt
                0x008000da        0x4 ./COTS/MCAL/ICU/ICU_Program.o
 .bss.global_u32Capture1
                0x008000de        0x4 ./COTS/MCAL/ICU/ICU_Program.o
 .bss.global_u32Capture2
                0x008000e2        0x4 ./COTS/MCAL/ICU/ICU_Program.o
 .bss.global_u32Capture3
                0x008000e6        0x4 ./COTS/MCAL/ICU/ICU_Program.o
 .bss.global_u8Flag
                0x008000ea        0x1 ./COTS/MCAL/ICU/ICU_Program.o
 .bss.Ptr_To_Int0
                0x008000eb        0x2 ./COTS/MCAL/EXTI/EXTI_Program.o
                0x008000eb                Ptr_To_Int0
 .bss.Ptr_To_Int1
                0x008000ed        0x2 ./COTS/MCAL/EXTI/EXTI_Program.o
                0x008000ed                Ptr_To_Int1
 .bss.Ptr_To_Int2
                0x008000ef        0x2 ./COTS/MCAL/EXTI/EXTI_Program.o
                0x008000ef                Ptr_To_Int2
 .bss.seconds_counter
                0x008000f1        0x1 ./COTS/APP/main.o
                0x008000f1                seconds_counter
 .bss.minutes_counter
                0x008000f2        0x1 ./COTS/APP/main.o
                0x008000f2                minutes_counter
 .bss.hours_counter
                0x008000f3        0x1 ./COTS/APP/main.o
                0x008000f3                hours_counter
 .bss.i         0x008000f4        0x1 ./COTS/APP/main.o
                0x008000f4                i
 .bss.counter.1352
                0x008000f5        0x2 ./COTS/APP/main.o
 *(COMMON)
                0x008000f7                PROVIDE (__bss_end, .)
                0x00006522                __data_load_start = LOADADDR (.data)
                0x00006590                __data_load_end = (__data_load_start + SIZEOF (.data))

.noinit         0x008000f7        0x0
                0x008000f7                PROVIDE (__noinit_start, .)
 *(.noinit*)
                0x008000f7                PROVIDE (__noinit_end, .)
                0x008000f7                _end = .
                0x008000f7                PROVIDE (__heap_start, .)

.eeprom         0x00810000        0x0
 *(.eeprom*)
                0x00810000                __eeprom_end = .

.fuse
 *(.fuse)
 *(.lfuse)
 *(.hfuse)
 *(.efuse)

.lock
 *(.lock*)

.signature
 *(.signature*)

.stab           0x00000000     0x5e08
 *(.stab)
 .stab          0x00000000      0x504 ./COTS/MCAL/timer/timer.o
 .stab          0x00000504      0x1ec ./COTS/MCAL/WDT/WDT_Program.o
                                0x1f8 (size before relaxing)
 .stab          0x000006f0      0x24c ./COTS/MCAL/USART/USART_Program.o
                                0x258 (size before relaxing)
 .stab          0x0000093c      0x6e4 ./COTS/MCAL/TWI/TWI_PRG.o
                                0x6f0 (size before relaxing)
 .stab          0x00001020      0x2d0 ./COTS/MCAL/TIMER1/TIMER1_Program.o
                                0x2dc (size before relaxing)
 .stab          0x000012f0      0x348 ./COTS/MCAL/TIMER0/TIMER0_Program.o
                                0x354 (size before relaxing)
 .stab          0x00001638      0x240 ./COTS/MCAL/SPI/SPI_Program.o
                                0x24c (size before relaxing)
 .stab          0x00001878      0x450 ./COTS/MCAL/ICU/ICU_Program.o
                                0x45c (size before relaxing)
 .stab          0x00001cc8      0x1bc ./COTS/MCAL/GIE/GIE_Program.o
                                0x1c8 (size before relaxing)
 .stab          0x00001e84      0x33c ./COTS/MCAL/EXTI/EXTI_Program.o
                                0x348 (size before relaxing)
 .stab          0x000021c0      0x528 ./COTS/MCAL/DIO/DIO_PRG.o
                                0x534 (size before relaxing)
 .stab          0x000026e8      0x264 ./COTS/MCAL/ADC/ADC_Program.o
                                0x270 (size before relaxing)
 .stab          0x0000294c      0xba0 ./COTS/HAL/LCD/LCD_PRG.o
                                0xd2c (size before relaxing)
 .stab          0x000034ec      0x3b4 ./COTS/HAL/KPD/KPD_PRG.o
                                0x54c (size before relaxing)
 .stab          0x000038a0      0x300 ./COTS/HAL/AT24C08/AT24C08_PRG.o
                                0x30c (size before relaxing)
 .stab          0x00003ba0     0x2268 ./COTS/APP/main.o
                               0x2400 (size before relaxing)

.stabstr        0x00000000     0x1b61
 *(.stabstr)
 .stabstr       0x00000000     0x1b61 ./COTS/MCAL/timer/timer.o

.stab.excl
 *(.stab.excl)

.stab.exclstr
 *(.stab.exclstr)

.stab.index
 *(.stab.index)

.stab.indexstr
 *(.stab.indexstr)

.comment
 *(.comment)

.debug
 *(.debug)

.line
 *(.line)

.debug_srcinfo
 *(.debug_srcinfo)

.debug_sfnames
 *(.debug_sfnames)

.debug_aranges  0x00000000      0x140
 *(.debug_aranges)
 .debug_aranges
                0x00000000       0x20 d:/embedded systems avr tools/imt_sdk_win_64/winavr/bin/../lib/gcc/avr/4.3.3/avr5\libgcc.a(_fixunssfsi.o)
 .debug_aranges
                0x00000020       0x20 d:/embedded systems avr tools/imt_sdk_win_64/winavr/bin/../lib/gcc/avr/4.3.3/avr5\libgcc.a(_addsub_sf.o)
 .debug_aranges
                0x00000040       0x20 d:/embedded systems avr tools/imt_sdk_win_64/winavr/bin/../lib/gcc/avr/4.3.3/avr5\libgcc.a(_mul_sf.o)
 .debug_aranges
                0x00000060       0x20 d:/embedded systems avr tools/imt_sdk_win_64/winavr/bin/../lib/gcc/avr/4.3.3/avr5\libgcc.a(_gt_sf.o)
 .debug_aranges
                0x00000080       0x20 d:/embedded systems avr tools/imt_sdk_win_64/winavr/bin/../lib/gcc/avr/4.3.3/avr5\libgcc.a(_ge_sf.o)
 .debug_aranges
                0x000000a0       0x20 d:/embedded systems avr tools/imt_sdk_win_64/winavr/bin/../lib/gcc/avr/4.3.3/avr5\libgcc.a(_lt_sf.o)
 .debug_aranges
                0x000000c0       0x20 d:/embedded systems avr tools/imt_sdk_win_64/winavr/bin/../lib/gcc/avr/4.3.3/avr5\libgcc.a(_sf_to_si.o)
 .debug_aranges
                0x000000e0       0x20 d:/embedded systems avr tools/imt_sdk_win_64/winavr/bin/../lib/gcc/avr/4.3.3/avr5\libgcc.a(_pack_sf.o)
 .debug_aranges
                0x00000100       0x20 d:/embedded systems avr tools/imt_sdk_win_64/winavr/bin/../lib/gcc/avr/4.3.3/avr5\libgcc.a(_unpack_sf.o)
 .debug_aranges
                0x00000120       0x20 d:/embedded systems avr tools/imt_sdk_win_64/winavr/bin/../lib/gcc/avr/4.3.3/avr5\libgcc.a(_fpcmp_parts_sf.o)

.debug_pubnames
                0x00000000      0x170
 *(.debug_pubnames)
 .debug_pubnames
                0x00000000       0x23 d:/embedded systems avr tools/imt_sdk_win_64/winavr/bin/../lib/gcc/avr/4.3.3/avr5\libgcc.a(_fixunssfsi.o)
 .debug_pubnames
                0x00000023       0x2c d:/embedded systems avr tools/imt_sdk_win_64/winavr/bin/../lib/gcc/avr/4.3.3/avr5\libgcc.a(_addsub_sf.o)
 .debug_pubnames
                0x0000004f       0x1f d:/embedded systems avr tools/imt_sdk_win_64/winavr/bin/../lib/gcc/avr/4.3.3/avr5\libgcc.a(_mul_sf.o)
 .debug_pubnames
                0x0000006e       0x1e d:/embedded systems avr tools/imt_sdk_win_64/winavr/bin/../lib/gcc/avr/4.3.3/avr5\libgcc.a(_gt_sf.o)
 .debug_pubnames
                0x0000008c       0x1e d:/embedded systems avr tools/imt_sdk_win_64/winavr/bin/../lib/gcc/avr/4.3.3/avr5\libgcc.a(_ge_sf.o)
 .debug_pubnames
                0x000000aa       0x1e d:/embedded systems avr tools/imt_sdk_win_64/winavr/bin/../lib/gcc/avr/4.3.3/avr5\libgcc.a(_lt_sf.o)
 .debug_pubnames
                0x000000c8       0x20 d:/embedded systems avr tools/imt_sdk_win_64/winavr/bin/../lib/gcc/avr/4.3.3/avr5\libgcc.a(_sf_to_si.o)
 .debug_pubnames
                0x000000e8       0x22 d:/embedded systems avr tools/imt_sdk_win_64/winavr/bin/../lib/gcc/avr/4.3.3/avr5\libgcc.a(_thenan_sf.o)
 .debug_pubnames
                0x0000010a       0x1f d:/embedded systems avr tools/imt_sdk_win_64/winavr/bin/../lib/gcc/avr/4.3.3/avr5\libgcc.a(_pack_sf.o)
 .debug_pubnames
                0x00000129       0x21 d:/embedded systems avr tools/imt_sdk_win_64/winavr/bin/../lib/gcc/avr/4.3.3/avr5\libgcc.a(_unpack_sf.o)
 .debug_pubnames
                0x0000014a       0x26 d:/embedded systems avr tools/imt_sdk_win_64/winavr/bin/../lib/gcc/avr/4.3.3/avr5\libgcc.a(_fpcmp_parts_sf.o)

.debug_info     0x00000000     0x1c49
 *(.debug_info)
 .debug_info    0x00000000       0xb1 d:/embedded systems avr tools/imt_sdk_win_64/winavr/bin/../lib/gcc/avr/4.3.3/avr5\libgcc.a(_fixunssfsi.o)
 .debug_info    0x000000b1      0x47a d:/embedded systems avr tools/imt_sdk_win_64/winavr/bin/../lib/gcc/avr/4.3.3/avr5\libgcc.a(_addsub_sf.o)
 .debug_info    0x0000052b      0x485 d:/embedded systems avr tools/imt_sdk_win_64/winavr/bin/../lib/gcc/avr/4.3.3/avr5\libgcc.a(_mul_sf.o)
 .debug_info    0x000009b0      0x27f d:/embedded systems avr tools/imt_sdk_win_64/winavr/bin/../lib/gcc/avr/4.3.3/avr5\libgcc.a(_gt_sf.o)
 .debug_info    0x00000c2f      0x27f d:/embedded systems avr tools/imt_sdk_win_64/winavr/bin/../lib/gcc/avr/4.3.3/avr5\libgcc.a(_ge_sf.o)
 .debug_info    0x00000eae      0x27f d:/embedded systems avr tools/imt_sdk_win_64/winavr/bin/../lib/gcc/avr/4.3.3/avr5\libgcc.a(_lt_sf.o)
 .debug_info    0x0000112d      0x2b0 d:/embedded systems avr tools/imt_sdk_win_64/winavr/bin/../lib/gcc/avr/4.3.3/avr5\libgcc.a(_sf_to_si.o)
 .debug_info    0x000013dd      0x12c d:/embedded systems avr tools/imt_sdk_win_64/winavr/bin/../lib/gcc/avr/4.3.3/avr5\libgcc.a(_thenan_sf.o)
 .debug_info    0x00001509      0x2df d:/embedded systems avr tools/imt_sdk_win_64/winavr/bin/../lib/gcc/avr/4.3.3/avr5\libgcc.a(_pack_sf.o)
 .debug_info    0x000017e8      0x251 d:/embedded systems avr tools/imt_sdk_win_64/winavr/bin/../lib/gcc/avr/4.3.3/avr5\libgcc.a(_unpack_sf.o)
 .debug_info    0x00001a39      0x210 d:/embedded systems avr tools/imt_sdk_win_64/winavr/bin/../lib/gcc/avr/4.3.3/avr5\libgcc.a(_fpcmp_parts_sf.o)
 *(.gnu.linkonce.wi.*)

.debug_abbrev   0x00000000      0xeeb
 *(.debug_abbrev)
 .debug_abbrev  0x00000000       0x5d d:/embedded systems avr tools/imt_sdk_win_64/winavr/bin/../lib/gcc/avr/4.3.3/avr5\libgcc.a(_fixunssfsi.o)
 .debug_abbrev  0x0000005d      0x1ea d:/embedded systems avr tools/imt_sdk_win_64/winavr/bin/../lib/gcc/avr/4.3.3/avr5\libgcc.a(_addsub_sf.o)
 .debug_abbrev  0x00000247      0x21b d:/embedded systems avr tools/imt_sdk_win_64/winavr/bin/../lib/gcc/avr/4.3.3/avr5\libgcc.a(_mul_sf.o)
 .debug_abbrev  0x00000462      0x15a d:/embedded systems avr tools/imt_sdk_win_64/winavr/bin/../lib/gcc/avr/4.3.3/avr5\libgcc.a(_gt_sf.o)
 .debug_abbrev  0x000005bc      0x15a d:/embedded systems avr tools/imt_sdk_win_64/winavr/bin/../lib/gcc/avr/4.3.3/avr5\libgcc.a(_ge_sf.o)
 .debug_abbrev  0x00000716      0x15a d:/embedded systems avr tools/imt_sdk_win_64/winavr/bin/../lib/gcc/avr/4.3.3/avr5\libgcc.a(_lt_sf.o)
 .debug_abbrev  0x00000870      0x17f d:/embedded systems avr tools/imt_sdk_win_64/winavr/bin/../lib/gcc/avr/4.3.3/avr5\libgcc.a(_sf_to_si.o)
 .debug_abbrev  0x000009ef       0xad d:/embedded systems avr tools/imt_sdk_win_64/winavr/bin/../lib/gcc/avr/4.3.3/avr5\libgcc.a(_thenan_sf.o)
 .debug_abbrev  0x00000a9c      0x1c0 d:/embedded systems avr tools/imt_sdk_win_64/winavr/bin/../lib/gcc/avr/4.3.3/avr5\libgcc.a(_pack_sf.o)
 .debug_abbrev  0x00000c5c      0x154 d:/embedded systems avr tools/imt_sdk_win_64/winavr/bin/../lib/gcc/avr/4.3.3/avr5\libgcc.a(_unpack_sf.o)
 .debug_abbrev  0x00000db0      0x13b d:/embedded systems avr tools/imt_sdk_win_64/winavr/bin/../lib/gcc/avr/4.3.3/avr5\libgcc.a(_fpcmp_parts_sf.o)

.debug_line     0x00000000      0xdad
 *(.debug_line)
 .debug_line    0x00000000       0xa7 d:/embedded systems avr tools/imt_sdk_win_64/winavr/bin/../lib/gcc/avr/4.3.3/avr5\libgcc.a(_fixunssfsi.o)
 .debug_line    0x000000a7      0x2af d:/embedded systems avr tools/imt_sdk_win_64/winavr/bin/../lib/gcc/avr/4.3.3/avr5\libgcc.a(_addsub_sf.o)
 .debug_line    0x00000356      0x239 d:/embedded systems avr tools/imt_sdk_win_64/winavr/bin/../lib/gcc/avr/4.3.3/avr5\libgcc.a(_mul_sf.o)
 .debug_line    0x0000058f       0xd3 d:/embedded systems avr tools/imt_sdk_win_64/winavr/bin/../lib/gcc/avr/4.3.3/avr5\libgcc.a(_gt_sf.o)
 .debug_line    0x00000662       0xd3 d:/embedded systems avr tools/imt_sdk_win_64/winavr/bin/../lib/gcc/avr/4.3.3/avr5\libgcc.a(_ge_sf.o)
 .debug_line    0x00000735       0xd3 d:/embedded systems avr tools/imt_sdk_win_64/winavr/bin/../lib/gcc/avr/4.3.3/avr5\libgcc.a(_lt_sf.o)
 .debug_line    0x00000808      0x109 d:/embedded systems avr tools/imt_sdk_win_64/winavr/bin/../lib/gcc/avr/4.3.3/avr5\libgcc.a(_sf_to_si.o)
 .debug_line    0x00000911       0x90 d:/embedded systems avr tools/imt_sdk_win_64/winavr/bin/../lib/gcc/avr/4.3.3/avr5\libgcc.a(_thenan_sf.o)
 .debug_line    0x000009a1      0x18a d:/embedded systems avr tools/imt_sdk_win_64/winavr/bin/../lib/gcc/avr/4.3.3/avr5\libgcc.a(_pack_sf.o)
 .debug_line    0x00000b2b      0x14b d:/embedded systems avr tools/imt_sdk_win_64/winavr/bin/../lib/gcc/avr/4.3.3/avr5\libgcc.a(_unpack_sf.o)
 .debug_line    0x00000c76      0x137 d:/embedded systems avr tools/imt_sdk_win_64/winavr/bin/../lib/gcc/avr/4.3.3/avr5\libgcc.a(_fpcmp_parts_sf.o)

.debug_frame    0x00000000      0x160
 *(.debug_frame)
 .debug_frame   0x00000000       0x20 d:/embedded systems avr tools/imt_sdk_win_64/winavr/bin/../lib/gcc/avr/4.3.3/avr5\libgcc.a(_fixunssfsi.o)
 .debug_frame   0x00000020       0x40 d:/embedded systems avr tools/imt_sdk_win_64/winavr/bin/../lib/gcc/avr/4.3.3/avr5\libgcc.a(_addsub_sf.o)
 .debug_frame   0x00000060       0x20 d:/embedded systems avr tools/imt_sdk_win_64/winavr/bin/../lib/gcc/avr/4.3.3/avr5\libgcc.a(_mul_sf.o)
 .debug_frame   0x00000080       0x20 d:/embedded systems avr tools/imt_sdk_win_64/winavr/bin/../lib/gcc/avr/4.3.3/avr5\libgcc.a(_gt_sf.o)
 .debug_frame   0x000000a0       0x20 d:/embedded systems avr tools/imt_sdk_win_64/winavr/bin/../lib/gcc/avr/4.3.3/avr5\libgcc.a(_ge_sf.o)
 .debug_frame   0x000000c0       0x20 d:/embedded systems avr tools/imt_sdk_win_64/winavr/bin/../lib/gcc/avr/4.3.3/avr5\libgcc.a(_lt_sf.o)
 .debug_frame   0x000000e0       0x20 d:/embedded systems avr tools/imt_sdk_win_64/winavr/bin/../lib/gcc/avr/4.3.3/avr5\libgcc.a(_sf_to_si.o)
 .debug_frame   0x00000100       0x20 d:/embedded systems avr tools/imt_sdk_win_64/winavr/bin/../lib/gcc/avr/4.3.3/avr5\libgcc.a(_pack_sf.o)
 .debug_frame   0x00000120       0x20 d:/embedded systems avr tools/imt_sdk_win_64/winavr/bin/../lib/gcc/avr/4.3.3/avr5\libgcc.a(_unpack_sf.o)
 .debug_frame   0x00000140       0x20 d:/embedded systems avr tools/imt_sdk_win_64/winavr/bin/../lib/gcc/avr/4.3.3/avr5\libgcc.a(_fpcmp_parts_sf.o)

.debug_str      0x00000000      0x28d
 *(.debug_str)
 .debug_str     0x00000000       0xbf d:/embedded systems avr tools/imt_sdk_win_64/winavr/bin/../lib/gcc/avr/4.3.3/avr5\libgcc.a(_fixunssfsi.o)
                                 0xfe (size before relaxing)
 .debug_str     0x000000bf      0x14d d:/embedded systems avr tools/imt_sdk_win_64/winavr/bin/../lib/gcc/avr/4.3.3/avr5\libgcc.a(_addsub_sf.o)
                                0x206 (size before relaxing)
 .debug_str     0x0000020c       0x27 d:/embedded systems avr tools/imt_sdk_win_64/winavr/bin/../lib/gcc/avr/4.3.3/avr5\libgcc.a(_mul_sf.o)
                                0x1bf (size before relaxing)
 .debug_str     0x00000233        0xf d:/embedded systems avr tools/imt_sdk_win_64/winavr/bin/../lib/gcc/avr/4.3.3/avr5\libgcc.a(_gt_sf.o)
                                0x195 (size before relaxing)
 .debug_str     0x00000242        0x8 d:/embedded systems avr tools/imt_sdk_win_64/winavr/bin/../lib/gcc/avr/4.3.3/avr5\libgcc.a(_ge_sf.o)
                                0x195 (size before relaxing)
 .debug_str     0x0000024a        0x8 d:/embedded systems avr tools/imt_sdk_win_64/winavr/bin/../lib/gcc/avr/4.3.3/avr5\libgcc.a(_lt_sf.o)
                                0x195 (size before relaxing)
 .debug_str     0x00000252        0xa d:/embedded systems avr tools/imt_sdk_win_64/winavr/bin/../lib/gcc/avr/4.3.3/avr5\libgcc.a(_sf_to_si.o)
                                0x19e (size before relaxing)
 .debug_str     0x00000000      0x103 d:/embedded systems avr tools/imt_sdk_win_64/winavr/bin/../lib/gcc/avr/4.3.3/avr5\libgcc.a(_thenan_sf.o)
 .debug_str     0x0000025c       0x16 d:/embedded systems avr tools/imt_sdk_win_64/winavr/bin/../lib/gcc/avr/4.3.3/avr5\libgcc.a(_pack_sf.o)
                                0x19d (size before relaxing)
 .debug_str     0x00000272        0xb d:/embedded systems avr tools/imt_sdk_win_64/winavr/bin/../lib/gcc/avr/4.3.3/avr5\libgcc.a(_unpack_sf.o)
                                0x17f (size before relaxing)
 .debug_str     0x0000027d       0x10 d:/embedded systems avr tools/imt_sdk_win_64/winavr/bin/../lib/gcc/avr/4.3.3/avr5\libgcc.a(_fpcmp_parts_sf.o)
                                0x163 (size before relaxing)

.debug_loc      0x00000000      0x7ce
 *(.debug_loc)
 .debug_loc     0x00000000       0x34 d:/embedded systems avr tools/imt_sdk_win_64/winavr/bin/../lib/gcc/avr/4.3.3/avr5\libgcc.a(_fixunssfsi.o)
 .debug_loc     0x00000034      0x32a d:/embedded systems avr tools/imt_sdk_win_64/winavr/bin/../lib/gcc/avr/4.3.3/avr5\libgcc.a(_addsub_sf.o)
 .debug_loc     0x0000035e      0x104 d:/embedded systems avr tools/imt_sdk_win_64/winavr/bin/../lib/gcc/avr/4.3.3/avr5\libgcc.a(_mul_sf.o)
 .debug_loc     0x00000462       0x3c d:/embedded systems avr tools/imt_sdk_win_64/winavr/bin/../lib/gcc/avr/4.3.3/avr5\libgcc.a(_gt_sf.o)
 .debug_loc     0x0000049e       0x3c d:/embedded systems avr tools/imt_sdk_win_64/winavr/bin/../lib/gcc/avr/4.3.3/avr5\libgcc.a(_ge_sf.o)
 .debug_loc     0x000004da       0x3c d:/embedded systems avr tools/imt_sdk_win_64/winavr/bin/../lib/gcc/avr/4.3.3/avr5\libgcc.a(_lt_sf.o)
 .debug_loc     0x00000516       0x7e d:/embedded systems avr tools/imt_sdk_win_64/winavr/bin/../lib/gcc/avr/4.3.3/avr5\libgcc.a(_sf_to_si.o)
 .debug_loc     0x00000594      0x13e d:/embedded systems avr tools/imt_sdk_win_64/winavr/bin/../lib/gcc/avr/4.3.3/avr5\libgcc.a(_pack_sf.o)
 .debug_loc     0x000006d2       0xac d:/embedded systems avr tools/imt_sdk_win_64/winavr/bin/../lib/gcc/avr/4.3.3/avr5\libgcc.a(_unpack_sf.o)
 .debug_loc     0x0000077e       0x50 d:/embedded systems avr tools/imt_sdk_win_64/winavr/bin/../lib/gcc/avr/4.3.3/avr5\libgcc.a(_fpcmp_parts_sf.o)

.debug_macinfo
 *(.debug_macinfo)
OUTPUT(Final_Project.elf elf32-avr)
LOAD linker stubs

.debug_ranges   0x00000000       0x50
 .debug_ranges  0x00000000       0x50 d:/embedded systems avr tools/imt_sdk_win_64/winavr/bin/../lib/gcc/avr/4.3.3/avr5\libgcc.a(_mul_sf.o)
